src/components/common/Navbar.tsx(84,25): error TS2339: Property 'hasDropdown' does not exist on type '{ name: string; href: string; }'.
